06-22 20:47:21 [SUCCESS] nonebot | NoneBot is initializing...
06-22 20:47:21 [INFO] nonebot | Current Env: dev
06-22 20:47:22 [SUCCESS] nonebot | Succeeded to import "nonebot_plugin_apscheduler"
06-22 20:47:22 [SUCCESS] nonebot | Succeeded to import "hooks"
06-22 20:47:23 [SUCCESS] nonebot | Succeeded to import "plugin_shop"
06-22 20:47:23 [SUCCESS] nonebot | Succeeded to import "broadcast"
06-22 20:47:23 [SUCCESS] nonebot | Succeeded to import "super_help"
06-22 20:47:23 [SUCCESS] nonebot | Succeeded to import "invite_manager"
06-22 20:47:23 [SUCCESS] nonebot | Succeeded to import "update_info"
06-22 20:47:23 [SUCCESS] nonebot | Succeeded to import "update_group_member_info"
06-22 20:47:23 [SUCCESS] nonebot | Succeeded to import "admin_config"
06-22 20:47:23 [SUCCESS] nonebot | Succeeded to import "switch_rule"
06-22 20:47:23 [SUCCESS] nonebot | Succeeded to import "custom_welcome_message"
06-22 20:47:23 [SUCCESS] nonebot | Succeeded to import "rule"
06-22 20:47:23 [SUCCESS] nonebot | Succeeded to import "timing_task"
06-22 20:47:23 [SUCCESS] nonebot | Succeeded to import "admin_bot_manage"
06-22 20:47:23 [SUCCESS] nonebot | Succeeded to import "chat_message"
06-22 20:47:23 [SUCCESS] nonebot | Succeeded to import "chat_message_handle"
06-22 20:47:23 [SUCCESS] nonebot | Succeeded to import "chat_history"
06-22 20:47:23 [SUCCESS] nonebot | Succeeded to import "update_friend_group_info"
06-22 20:47:23 [SUCCESS] nonebot | Succeeded to import "manager_group"
06-22 20:47:23 [SUCCESS] nonebot | Succeeded to import "clear_data"
06-22 20:47:23 [SUCCESS] nonebot | Succeeded to import "exec_sql"
06-22 20:47:23 [SUCCESS] nonebot | Succeeded to import "bot_friend_group"
06-22 20:47:23 [SUCCESS] nonebot | Succeeded to import "set_admin_permissions"
06-22 20:47:23 [SUCCESS] nonebot | Succeeded to import "reload_setting"
06-22 20:47:23 [SUCCESS] nonebot | Succeeded to import "super_task_switch"
06-22 20:47:23 [SUCCESS] nonebot | Succeeded to import "super_cmd"
06-22 20:47:24 [SUCCESS] nonebot | Succeeded to import "my_props"
06-22 20:47:24 [SUCCESS] nonebot | Succeeded to import "gold"
06-22 20:47:24 [SUCCESS] nonebot | Succeeded to import "buy"
06-22 20:47:24 [SUCCESS] nonebot | Succeeded to import "use"
06-22 20:47:24 [SUCCESS] nonebot | Succeeded to import "reset_today_gold"
06-22 20:47:24 [SUCCESS] nonebot | Succeeded to import "shop_handle"
06-22 20:47:24 [SUCCESS] nonebot | Succeeded to import "shop"
06-22 20:47:24 [SUCCESS] nonebot | Succeeded to import "help"
06-22 20:47:24 [SUCCESS] nonebot | Succeeded to import "group_handle"
06-22 20:47:24 [SUCCESS] nonebot | Succeeded to import "ban"
06-22 20:47:24 [SUCCESS] nonebot | Succeeded to import "init_plugin_config"
06-22 20:47:24 [SUCCESS] nonebot | Succeeded to import "scripts"
06-22 20:47:24 [SUCCESS] nonebot | Succeeded to import "nickname"
06-22 20:47:24 [SUCCESS] nonebot | Succeeded to import "admin_help"
06-22 20:47:24 [SUCCESS] nonebot | Succeeded to import "apscheduler"
06-22 20:47:24 [SUCCESS] nonebot | Succeeded to import "word_clouds"
06-22 20:47:24 [SUCCESS] nonebot | Succeeded to import "group_welcome_msg"
06-22 20:47:24 [SUCCESS] nonebot | Succeeded to import "sign_in"
06-22 20:47:24 [SUCCESS] nonebot | Succeeded to import "wbtop"
06-22 20:47:24 [SUCCESS] nonebot | Succeeded to import "check"
06-22 20:47:25 [SUCCESS] nonebot | Succeeded to import "black_word"
06-22 20:47:25 [SUCCESS] nonebot | Succeeded to import "hikari_bot"
06-22 20:47:25 [SUCCESS] nonebot | Succeeded to import "aconfig"
06-22 20:47:25 [SUCCESS] nonebot | Succeeded to import "poke"
06-22 20:47:25 [SUCCESS] nonebot | Succeeded to import "withdraw"
06-22 20:47:25 [SUCCESS] nonebot | Succeeded to import "my_info"
06-22 20:47:25 [SUCCESS] nonebot | Succeeded to import "fudu"
06-22 20:47:25 [SUCCESS] nonebot | Succeeded to import "other_hook"
06-22 20:47:25 [SUCCESS] nonebot | Succeeded to import "withdraw_message_hook"
06-22 20:47:25 [SUCCESS] nonebot | Succeeded to import "auth_hook"
06-22 20:47:25 [SUCCESS] nonebot | Succeeded to import "chkdsk_hook"
06-22 20:47:25 [SUCCESS] nonebot | Succeeded to import "ban_hook"
06-22 20:47:25 [SUCCESS] nonebot | Succeeded to import "task_hook"
06-22 20:47:25 [SUCCESS] nonebot | Running NoneBot...
06-22 20:47:25 [INFO] uvicorn | Started server process [3612]
06-22 20:47:25 [INFO] uvicorn | Waiting for application startup.
06-22 20:47:25 [ERROR] uvicorn | Traceback (most recent call last):
  File "C:\Users\15185\.virtualenvs\zhenxun\lib\site-packages\starlette\routing.py", line 635, in lifespan
    async with self.lifespan_context(app):
  File "C:\Users\15185\.virtualenvs\zhenxun\lib\site-packages\starlette\routing.py", line 530, in __aenter__
    await self._router.startup()
  File "C:\Users\15185\.virtualenvs\zhenxun\lib\site-packages\starlette\routing.py", line 612, in startup
    await handler()
  File "D:\workspace\robot\zhenxun\zhenxun\services\db_context.py", line 14, in init
    raise ValueError("\n" + prompt2cn("数据库配置未填写", 28))
ValueError: 
############################
###### 数据库配置未填写 ######
############################

06-22 20:47:25 [ERROR] uvicorn | Application startup failed. Exiting.
06-22 20:49:16 [SUCCESS] nonebot | NoneBot is initializing...
06-22 20:49:16 [INFO] nonebot | Current Env: dev
06-22 20:49:16 [SUCCESS] nonebot | Succeeded to import "nonebot_plugin_apscheduler"
06-22 20:49:17 [SUCCESS] nonebot | Succeeded to import "chat_message_handle"
06-22 20:49:17 [SUCCESS] nonebot | Succeeded to import "chat_message"
06-22 20:49:17 [SUCCESS] nonebot | Succeeded to import "chat_history"
06-22 20:49:17 [SUCCESS] nonebot | Succeeded to import "group_handle"
06-22 20:49:17 [SUCCESS] nonebot | Succeeded to import "broadcast"
06-22 20:49:17 [SUCCESS] nonebot | Succeeded to import "reset_today_gold"
06-22 20:49:18 [SUCCESS] nonebot | Succeeded to import "gold"
06-22 20:49:18 [SUCCESS] nonebot | Succeeded to import "buy"
06-22 20:49:18 [SUCCESS] nonebot | Succeeded to import "use"
06-22 20:49:18 [SUCCESS] nonebot | Succeeded to import "shop_handle"
06-22 20:49:18 [SUCCESS] nonebot | Succeeded to import "my_props"
06-22 20:49:18 [SUCCESS] nonebot | Succeeded to import "shop"
06-22 20:49:18 [SUCCESS] nonebot | Succeeded to import "scripts"
06-22 20:49:18 [SUCCESS] nonebot | Succeeded to import "super_help"
06-22 20:49:18 [SUCCESS] nonebot | Succeeded to import "init_plugin_config"
06-22 20:49:18 [SUCCESS] nonebot | Succeeded to import "ban"
06-22 20:49:18 [SUCCESS] nonebot | Succeeded to import "invite_manager"
06-22 20:49:18 [SUCCESS] nonebot | Succeeded to import "nickname"
06-22 20:49:18 [SUCCESS] nonebot | Succeeded to import "apscheduler"
06-22 20:49:18 [SUCCESS] nonebot | Succeeded to import "help"
06-22 20:49:18 [SUCCESS] nonebot | Succeeded to import "plugin_shop"
06-22 20:49:18 [SUCCESS] nonebot | Succeeded to import "update_info"
06-22 20:49:18 [SUCCESS] nonebot | Succeeded to import "hooks"
06-22 20:49:18 [SUCCESS] nonebot | Succeeded to import "reload_setting"
06-22 20:49:18 [SUCCESS] nonebot | Succeeded to import "super_task_switch"
06-22 20:49:18 [SUCCESS] nonebot | Succeeded to import "set_admin_permissions"
06-22 20:49:18 [SUCCESS] nonebot | Succeeded to import "update_friend_group_info"
06-22 20:49:18 [SUCCESS] nonebot | Succeeded to import "exec_sql"
06-22 20:49:18 [SUCCESS] nonebot | Succeeded to import "clear_data"
06-22 20:49:18 [SUCCESS] nonebot | Succeeded to import "bot_friend_group"
06-22 20:49:18 [SUCCESS] nonebot | Succeeded to import "manager_group"
06-22 20:49:18 [SUCCESS] nonebot | Succeeded to import "super_cmd"
06-22 20:49:18 [SUCCESS] nonebot | Succeeded to import "admin_config"
06-22 20:49:18 [SUCCESS] nonebot | Succeeded to import "switch_rule"
06-22 20:49:18 [SUCCESS] nonebot | Succeeded to import "rule"
06-22 20:49:18 [SUCCESS] nonebot | Succeeded to import "timing_task"
06-22 20:49:18 [SUCCESS] nonebot | Succeeded to import "update_group_member_info"
06-22 20:49:18 [SUCCESS] nonebot | Succeeded to import "custom_welcome_message"
06-22 20:49:18 [SUCCESS] nonebot | Succeeded to import "admin_bot_manage"
06-22 20:49:18 [SUCCESS] nonebot | Succeeded to import "admin_help"
06-22 20:49:18 [SUCCESS] nonebot | Succeeded to import "group_welcome_msg"
06-22 20:49:18 [SUCCESS] nonebot | Succeeded to import "black_word"
06-22 20:49:18 [SUCCESS] nonebot | Succeeded to import "withdraw"
06-22 20:49:19 [SUCCESS] nonebot | Succeeded to import "check"
06-22 20:49:19 [SUCCESS] nonebot | Succeeded to import "aconfig"
06-22 20:49:19 [SUCCESS] nonebot | Succeeded to import "word_clouds"
06-22 20:49:19 [SUCCESS] nonebot | Succeeded to import "sign_in"
06-22 20:49:19 [SUCCESS] nonebot | Succeeded to import "my_info"
06-22 20:49:19 [SUCCESS] nonebot | Succeeded to import "wbtop"
06-22 20:49:19 [SUCCESS] nonebot | Succeeded to import "fudu"
06-22 20:49:19 [SUCCESS] nonebot | Succeeded to import "poke"
06-22 20:49:19 [SUCCESS] nonebot | Succeeded to import "hikari_bot"
06-22 20:49:19 [SUCCESS] nonebot | Succeeded to import "ban_hook"
06-22 20:49:19 [SUCCESS] nonebot | Succeeded to import "withdraw_message_hook"
06-22 20:49:19 [SUCCESS] nonebot | Succeeded to import "chkdsk_hook"
06-22 20:49:19 [SUCCESS] nonebot | Succeeded to import "task_hook"
06-22 20:49:19 [SUCCESS] nonebot | Succeeded to import "other_hook"
06-22 20:49:19 [SUCCESS] nonebot | Succeeded to import "auth_hook"
06-22 20:49:19 [SUCCESS] nonebot | Running NoneBot...
06-22 20:49:19 [INFO] uvicorn | Started server process [10976]
06-22 20:49:19 [INFO] uvicorn | Waiting for application startup.
06-22 20:49:24 [INFO] services | Database loaded successfully!
06-22 20:49:24 [INFO] nonebot_plugin_apscheduler | Scheduler Started
06-22 20:49:30 [INFO] basic_plugins | 自动更新城市列表完成.....
06-22 20:49:31 [ERROR] uvicorn | Traceback (most recent call last):
  File "C:\Users\15185\.virtualenvs\zhenxun\lib\site-packages\starlette\routing.py", line 635, in lifespan
    async with self.lifespan_context(app):
  File "C:\Users\15185\.virtualenvs\zhenxun\lib\site-packages\starlette\routing.py", line 530, in __aenter__
    await self._router.startup()
  File "C:\Users\15185\.virtualenvs\zhenxun\lib\site-packages\starlette\routing.py", line 612, in startup
    await handler()
  File "D:\workspace\robot\zhenxun\zhenxun\basic_plugins\scripts.py", line 121, in _
    await db.first(query)
  File "C:\Users\15185\.virtualenvs\zhenxun\lib\site-packages\gino\api.py", line 479, in first
    return await self.bind.first(clause, *multiparams, **params)
  File "C:\Users\15185\.virtualenvs\zhenxun\lib\site-packages\gino\engine.py", line 748, in first
    return await conn.first(clause, *multiparams, **params)
  File "C:\Users\15185\.virtualenvs\zhenxun\lib\site-packages\gino\engine.py", line 328, in first
    return await result.execute(one=True)
  File "C:\Users\15185\.virtualenvs\zhenxun\lib\site-packages\gino\dialects\base.py", line 214, in execute
    rows = await cursor.async_execute(
  File "C:\Users\15185\.virtualenvs\zhenxun\lib\site-packages\gino\dialects\asyncpg.py", line 184, in async_execute
    result, stmt = await getattr(conn, "_do_execute")(query, executor, timeout)
  File "C:\Users\15185\.virtualenvs\zhenxun\lib\site-packages\asyncpg\connection.py", line 1731, in _do_execute
    result = await executor(stmt, None)
  File "asyncpg\protocol\protocol.pyx", line 201, in bind_execute
asyncpg.exceptions.UndefinedTableError: relation "open_cases_users" does not exist

06-22 20:49:31 [ERROR] uvicorn | Application startup failed. Exiting.
06-22 20:51:11 [SUCCESS] nonebot | NoneBot is initializing...
06-22 20:51:11 [INFO] nonebot | Current Env: dev
06-22 20:51:12 [SUCCESS] nonebot | Succeeded to import "nonebot_plugin_apscheduler"
06-22 20:51:12 [SUCCESS] nonebot | Succeeded to import "apscheduler"
06-22 20:51:13 [SUCCESS] nonebot | Succeeded to import "chat_message_handle"
06-22 20:51:13 [SUCCESS] nonebot | Succeeded to import "chat_message"
06-22 20:51:13 [SUCCESS] nonebot | Succeeded to import "chat_history"
06-22 20:51:13 [SUCCESS] nonebot | Succeeded to import "init_plugin_config"
06-22 20:51:13 [SUCCESS] nonebot | Succeeded to import "gold"
06-22 20:51:13 [SUCCESS] nonebot | Succeeded to import "buy"
06-22 20:51:13 [SUCCESS] nonebot | Succeeded to import "my_props"
06-22 20:51:13 [SUCCESS] nonebot | Succeeded to import "use"
06-22 20:51:13 [SUCCESS] nonebot | Succeeded to import "shop_handle"
06-22 20:51:13 [SUCCESS] nonebot | Succeeded to import "reset_today_gold"
06-22 20:51:13 [SUCCESS] nonebot | Succeeded to import "shop"
06-22 20:51:13 [SUCCESS] nonebot | Succeeded to import "update_info"
06-22 20:51:13 [SUCCESS] nonebot | Succeeded to import "hooks"
06-22 20:51:13 [SUCCESS] nonebot | Succeeded to import "plugin_shop"
06-22 20:51:13 [SUCCESS] nonebot | Succeeded to import "update_group_member_info"
06-22 20:51:13 [SUCCESS] nonebot | Succeeded to import "switch_rule"
06-22 20:51:13 [SUCCESS] nonebot | Succeeded to import "custom_welcome_message"
06-22 20:51:13 [SUCCESS] nonebot | Succeeded to import "admin_config"
06-22 20:51:13 [SUCCESS] nonebot | Succeeded to import "rule"
06-22 20:51:13 [SUCCESS] nonebot | Succeeded to import "timing_task"
06-22 20:51:13 [SUCCESS] nonebot | Succeeded to import "admin_bot_manage"
06-22 20:51:13 [SUCCESS] nonebot | Succeeded to import "admin_help"
06-22 20:51:13 [SUCCESS] nonebot | Succeeded to import "help"
06-22 20:51:13 [SUCCESS] nonebot | Succeeded to import "ban"
06-22 20:51:13 [SUCCESS] nonebot | Succeeded to import "reload_setting"
06-22 20:51:13 [SUCCESS] nonebot | Succeeded to import "set_admin_permissions"
06-22 20:51:13 [SUCCESS] nonebot | Succeeded to import "manager_group"
06-22 20:51:13 [SUCCESS] nonebot | Succeeded to import "clear_data"
06-22 20:51:13 [SUCCESS] nonebot | Succeeded to import "super_task_switch"
06-22 20:51:13 [SUCCESS] nonebot | Succeeded to import "exec_sql"
06-22 20:51:13 [SUCCESS] nonebot | Succeeded to import "update_friend_group_info"
06-22 20:51:14 [SUCCESS] nonebot | Succeeded to import "bot_friend_group"
06-22 20:51:14 [SUCCESS] nonebot | Succeeded to import "super_cmd"
06-22 20:51:14 [SUCCESS] nonebot | Succeeded to import "super_help"
06-22 20:51:14 [SUCCESS] nonebot | Succeeded to import "nickname"
06-22 20:51:14 [SUCCESS] nonebot | Succeeded to import "broadcast"
06-22 20:51:14 [SUCCESS] nonebot | Succeeded to import "invite_manager"
06-22 20:51:14 [SUCCESS] nonebot | Succeeded to import "group_handle"
06-22 20:51:14 [SUCCESS] nonebot | Succeeded to import "scripts"
06-22 20:51:14 [SUCCESS] nonebot | Succeeded to import "aconfig"
06-22 20:51:14 [SUCCESS] nonebot | Succeeded to import "check"
06-22 20:51:14 [SUCCESS] nonebot | Succeeded to import "black_word"
06-22 20:51:14 [SUCCESS] nonebot | Succeeded to import "my_info"
06-22 20:51:14 [SUCCESS] nonebot | Succeeded to import "group_welcome_msg"
06-22 20:51:14 [SUCCESS] nonebot | Succeeded to import "word_clouds"
06-22 20:51:15 [SUCCESS] nonebot | Succeeded to import "hikari_bot"
06-22 20:51:15 [SUCCESS] nonebot | Succeeded to import "fudu"
06-22 20:51:15 [SUCCESS] nonebot | Succeeded to import "withdraw"
06-22 20:51:15 [SUCCESS] nonebot | Succeeded to import "wbtop"
06-22 20:51:15 [SUCCESS] nonebot | Succeeded to import "poke"
06-22 20:51:15 [SUCCESS] nonebot | Succeeded to import "sign_in"
06-22 20:51:15 [SUCCESS] nonebot | Succeeded to import "chkdsk_hook"
06-22 20:51:15 [SUCCESS] nonebot | Succeeded to import "withdraw_message_hook"
06-22 20:51:15 [SUCCESS] nonebot | Succeeded to import "ban_hook"
06-22 20:51:15 [SUCCESS] nonebot | Succeeded to import "other_hook"
06-22 20:51:15 [SUCCESS] nonebot | Succeeded to import "task_hook"
06-22 20:51:15 [SUCCESS] nonebot | Succeeded to import "auth_hook"
06-22 20:51:15 [SUCCESS] nonebot | Running NoneBot...
06-22 20:51:15 [INFO] uvicorn | Started server process [13232]
06-22 20:51:15 [INFO] uvicorn | Waiting for application startup.
06-22 20:51:16 [INFO] services | Database loaded successfully!
06-22 20:51:16 [INFO] nonebot_plugin_apscheduler | Scheduler Started
06-22 20:51:16 [WARNING] basic_plugins | 获取插件 hikari_bot __zx_plugin_name__ 失败...，插件控制未加载.
06-22 20:51:16 [INFO] basic_plugins | 已成功加载 14 个非限制插件.
06-22 20:51:16 [INFO] utils | 已成功加载 2 个Cd限制.
06-22 20:51:16 [INFO] utils | 已成功加载 1 个Block限制.
06-22 20:51:16 [INFO] utils | 已成功加载 1 个Count限制.
06-22 20:51:16 [ERROR] uvicorn | Traceback (most recent call last):
  File "C:\Users\15185\.virtualenvs\zhenxun\lib\site-packages\starlette\routing.py", line 635, in lifespan
    async with self.lifespan_context(app):
  File "C:\Users\15185\.virtualenvs\zhenxun\lib\site-packages\starlette\routing.py", line 530, in __aenter__
    await self._router.startup()
  File "C:\Users\15185\.virtualenvs\zhenxun\lib\site-packages\starlette\routing.py", line 614, in startup
    handler()
  File "D:\workspace\robot\zhenxun\zhenxun\basic_plugins\init_plugin_config\__init__.py", line 53, in _
    raise Exception("首次运行，已在configs目录下生成配置文件config.yaml，修改后重启即可...")
Exception: 首次运行，已在configs目录下生成配置文件config.yaml，修改后重启即可...

06-22 20:51:16 [ERROR] uvicorn | Application startup failed. Exiting.
06-22 20:52:06 [SUCCESS] nonebot | NoneBot is initializing...
06-22 20:52:06 [INFO] nonebot | Current Env: dev
06-22 20:52:07 [SUCCESS] nonebot | Succeeded to import "nonebot_plugin_apscheduler"
06-22 20:52:08 [SUCCESS] nonebot | Succeeded to import "clear_data"
06-22 20:52:08 [SUCCESS] nonebot | Succeeded to import "super_task_switch"
06-22 20:52:08 [SUCCESS] nonebot | Succeeded to import "exec_sql"
06-22 20:52:08 [SUCCESS] nonebot | Succeeded to import "bot_friend_group"
06-22 20:52:08 [SUCCESS] nonebot | Succeeded to import "manager_group"
06-22 20:52:08 [SUCCESS] nonebot | Succeeded to import "update_friend_group_info"
06-22 20:52:08 [SUCCESS] nonebot | Succeeded to import "set_admin_permissions"
06-22 20:52:08 [SUCCESS] nonebot | Succeeded to import "reload_setting"
06-22 20:52:08 [SUCCESS] nonebot | Succeeded to import "super_cmd"
06-22 20:52:08 [SUCCESS] nonebot | Succeeded to import "nickname"
06-22 20:52:08 [SUCCESS] nonebot | Succeeded to import "help"
06-22 20:52:08 [SUCCESS] nonebot | Succeeded to import "ban"
06-22 20:52:08 [SUCCESS] nonebot | Succeeded to import "apscheduler"
06-22 20:52:08 [SUCCESS] nonebot | Succeeded to import "broadcast"
06-22 20:52:08 [SUCCESS] nonebot | Succeeded to import "chat_message"
06-22 20:52:08 [SUCCESS] nonebot | Succeeded to import "chat_message_handle"
06-22 20:52:08 [SUCCESS] nonebot | Succeeded to import "chat_history"
06-22 20:52:08 [SUCCESS] nonebot | Succeeded to import "scripts"
06-22 20:52:08 [SUCCESS] nonebot | Succeeded to import "init_plugin_config"
06-22 20:52:08 [SUCCESS] nonebot | Succeeded to import "super_help"
06-22 20:52:08 [SUCCESS] nonebot | Succeeded to import "admin_help"
06-22 20:52:08 [SUCCESS] nonebot | Succeeded to import "admin_config"
06-22 20:52:08 [SUCCESS] nonebot | Succeeded to import "timing_task"
06-22 20:52:08 [SUCCESS] nonebot | Succeeded to import "rule"
06-22 20:52:08 [SUCCESS] nonebot | Succeeded to import "update_group_member_info"
06-22 20:52:08 [SUCCESS] nonebot | Succeeded to import "switch_rule"
06-22 20:52:08 [SUCCESS] nonebot | Succeeded to import "custom_welcome_message"
06-22 20:52:08 [SUCCESS] nonebot | Succeeded to import "admin_bot_manage"
06-22 20:52:08 [SUCCESS] nonebot | Succeeded to import "invite_manager"
06-22 20:52:08 [SUCCESS] nonebot | Succeeded to import "group_handle"
06-22 20:52:08 [SUCCESS] nonebot | Succeeded to import "my_props"
06-22 20:52:08 [SUCCESS] nonebot | Succeeded to import "reset_today_gold"
06-22 20:52:08 [SUCCESS] nonebot | Succeeded to import "gold"
06-22 20:52:08 [SUCCESS] nonebot | Succeeded to import "use"
06-22 20:52:09 [SUCCESS] nonebot | Succeeded to import "shop_handle"
06-22 20:52:09 [SUCCESS] nonebot | Succeeded to import "buy"
06-22 20:52:09 [SUCCESS] nonebot | Succeeded to import "shop"
06-22 20:52:09 [SUCCESS] nonebot | Succeeded to import "plugin_shop"
06-22 20:52:09 [SUCCESS] nonebot | Succeeded to import "hooks"
06-22 20:52:09 [SUCCESS] nonebot | Succeeded to import "update_info"
06-22 20:52:09 [SUCCESS] nonebot | Succeeded to import "sign_in"
06-22 20:52:09 [SUCCESS] nonebot | Succeeded to import "black_word"
06-22 20:52:09 [SUCCESS] nonebot | Succeeded to import "hikari_bot"
06-22 20:52:09 [SUCCESS] nonebot | Succeeded to import "wbtop"
06-22 20:52:09 [SUCCESS] nonebot | Succeeded to import "my_info"
06-22 20:52:09 [SUCCESS] nonebot | Succeeded to import "aconfig"
06-22 20:52:09 [SUCCESS] nonebot | Succeeded to import "fudu"
06-22 20:52:09 [SUCCESS] nonebot | Succeeded to import "withdraw"
06-22 20:52:09 [SUCCESS] nonebot | Succeeded to import "poke"
06-22 20:52:09 [SUCCESS] nonebot | Succeeded to import "word_clouds"
06-22 20:52:09 [SUCCESS] nonebot | Succeeded to import "group_welcome_msg"
06-22 20:52:09 [SUCCESS] nonebot | Succeeded to import "check"
06-22 20:52:09 [SUCCESS] nonebot | Succeeded to import "task_hook"
06-22 20:52:09 [SUCCESS] nonebot | Succeeded to import "other_hook"
06-22 20:52:09 [SUCCESS] nonebot | Succeeded to import "withdraw_message_hook"
06-22 20:52:09 [SUCCESS] nonebot | Succeeded to import "ban_hook"
06-22 20:52:09 [SUCCESS] nonebot | Succeeded to import "chkdsk_hook"
06-22 20:52:09 [SUCCESS] nonebot | Succeeded to import "auth_hook"
06-22 20:52:09 [SUCCESS] nonebot | Running NoneBot...
06-22 20:52:09 [INFO] uvicorn | Started server process [3068]
06-22 20:52:09 [INFO] uvicorn | Waiting for application startup.
06-22 20:52:11 [INFO] services | Database loaded successfully!
06-22 20:52:11 [INFO] nonebot_plugin_apscheduler | Scheduler Started
06-22 20:52:12 [ERROR] uvicorn | Traceback (most recent call last):
  File "C:\Users\15185\.virtualenvs\zhenxun\lib\site-packages\starlette\routing.py", line 635, in lifespan
    async with self.lifespan_context(app):
  File "C:\Users\15185\.virtualenvs\zhenxun\lib\site-packages\starlette\routing.py", line 530, in __aenter__
    await self._router.startup()
  File "C:\Users\15185\.virtualenvs\zhenxun\lib\site-packages\starlette\routing.py", line 612, in startup
    await handler()
  File "D:\workspace\robot\zhenxun\zhenxun\basic_plugins\scripts.py", line 121, in _
    await db.first(query)
  File "C:\Users\15185\.virtualenvs\zhenxun\lib\site-packages\gino\api.py", line 479, in first
    return await self.bind.first(clause, *multiparams, **params)
  File "C:\Users\15185\.virtualenvs\zhenxun\lib\site-packages\gino\engine.py", line 748, in first
    return await conn.first(clause, *multiparams, **params)
  File "C:\Users\15185\.virtualenvs\zhenxun\lib\site-packages\gino\engine.py", line 328, in first
    return await result.execute(one=True)
  File "C:\Users\15185\.virtualenvs\zhenxun\lib\site-packages\gino\dialects\base.py", line 214, in execute
    rows = await cursor.async_execute(
  File "C:\Users\15185\.virtualenvs\zhenxun\lib\site-packages\gino\dialects\asyncpg.py", line 184, in async_execute
    result, stmt = await getattr(conn, "_do_execute")(query, executor, timeout)
  File "C:\Users\15185\.virtualenvs\zhenxun\lib\site-packages\asyncpg\connection.py", line 1731, in _do_execute
    result = await executor(stmt, None)
  File "asyncpg\protocol\protocol.pyx", line 201, in bind_execute
asyncpg.exceptions.UndefinedTableError: relation "open_cases_users" does not exist

06-22 20:52:12 [ERROR] uvicorn | Application startup failed. Exiting.
06-22 20:52:41 [SUCCESS] nonebot | NoneBot is initializing...
06-22 20:52:41 [INFO] nonebot | Current Env: dev
06-22 20:52:41 [SUCCESS] nonebot | Succeeded to import "nonebot_plugin_apscheduler"
06-22 20:52:42 [SUCCESS] nonebot | Succeeded to import "scripts"
06-22 20:52:43 [SUCCESS] nonebot | Succeeded to import "admin_help"
06-22 20:52:43 [SUCCESS] nonebot | Succeeded to import "hooks"
06-22 20:52:43 [SUCCESS] nonebot | Succeeded to import "nickname"
06-22 20:52:43 [SUCCESS] nonebot | Succeeded to import "group_handle"
06-22 20:52:43 [SUCCESS] nonebot | Succeeded to import "ban"
06-22 20:52:43 [SUCCESS] nonebot | Succeeded to import "chat_message"
06-22 20:52:43 [SUCCESS] nonebot | Succeeded to import "chat_message_handle"
06-22 20:52:43 [SUCCESS] nonebot | Succeeded to import "chat_history"
06-22 20:52:43 [SUCCESS] nonebot | Succeeded to import "update_info"
06-22 20:52:43 [SUCCESS] nonebot | Succeeded to import "help"
06-22 20:52:43 [SUCCESS] nonebot | Succeeded to import "init_plugin_config"
06-22 20:52:43 [SUCCESS] nonebot | Succeeded to import "apscheduler"
06-22 20:52:43 [SUCCESS] nonebot | Succeeded to import "my_props"
06-22 20:52:43 [SUCCESS] nonebot | Succeeded to import "gold"
06-22 20:52:43 [SUCCESS] nonebot | Succeeded to import "buy"
06-22 20:52:43 [SUCCESS] nonebot | Succeeded to import "reset_today_gold"
06-22 20:52:43 [SUCCESS] nonebot | Succeeded to import "use"
06-22 20:52:43 [SUCCESS] nonebot | Succeeded to import "shop_handle"
06-22 20:52:43 [SUCCESS] nonebot | Succeeded to import "use"
06-22 20:52:43 [SUCCESS] nonebot | Succeeded to import "shop"
06-22 20:52:43 [SUCCESS] nonebot | Succeeded to import "plugin_shop"
06-22 20:52:43 [SUCCESS] nonebot | Succeeded to import "super_help"
06-22 20:52:43 [SUCCESS] nonebot | Succeeded to import "reload_setting"
06-22 20:52:43 [SUCCESS] nonebot | Succeeded to import "clear_data"
06-22 20:52:43 [SUCCESS] nonebot | Succeeded to import "set_admin_permissions"
06-22 20:52:43 [SUCCESS] nonebot | Succeeded to import "bot_friend_group"
06-22 20:52:43 [SUCCESS] nonebot | Succeeded to import "super_task_switch"
06-22 20:52:43 [SUCCESS] nonebot | Succeeded to import "exec_sql"
06-22 20:52:43 [SUCCESS] nonebot | Succeeded to import "update_friend_group_info"
06-22 20:52:43 [SUCCESS] nonebot | Succeeded to import "manager_group"
06-22 20:52:43 [SUCCESS] nonebot | Succeeded to import "super_cmd"
06-22 20:52:43 [SUCCESS] nonebot | Succeeded to import "timing_task"
06-22 20:52:43 [SUCCESS] nonebot | Succeeded to import "custom_welcome_message"
06-22 20:52:43 [SUCCESS] nonebot | Succeeded to import "switch_rule"
06-22 20:52:43 [SUCCESS] nonebot | Succeeded to import "update_group_member_info"
06-22 20:52:44 [SUCCESS] nonebot | Succeeded to import "admin_config"
06-22 20:52:44 [SUCCESS] nonebot | Succeeded to import "rule"
06-22 20:52:44 [SUCCESS] nonebot | Succeeded to import "admin_bot_manage"
06-22 20:52:44 [SUCCESS] nonebot | Succeeded to import "broadcast"
06-22 20:52:44 [SUCCESS] nonebot | Succeeded to import "invite_manager"
06-22 20:52:44 [SUCCESS] nonebot | Succeeded to import "sign_in"
06-22 20:52:44 [SUCCESS] nonebot | Succeeded to import "black_word"
06-22 20:52:44 [SUCCESS] nonebot | Succeeded to import "aconfig"
06-22 20:52:44 [SUCCESS] nonebot | Succeeded to import "wbtop"
06-22 20:52:44 [SUCCESS] nonebot | Succeeded to import "word_clouds"
06-22 20:52:44 [SUCCESS] nonebot | Succeeded to import "poke"
06-22 20:52:44 [SUCCESS] nonebot | Succeeded to import "withdraw"
06-22 20:52:44 [SUCCESS] nonebot | Succeeded to import "group_welcome_msg"
06-22 20:52:44 [SUCCESS] nonebot | Succeeded to import "hikari_bot"
06-22 20:52:44 [SUCCESS] nonebot | Succeeded to import "my_info"
06-22 20:52:44 [SUCCESS] nonebot | Succeeded to import "check"
06-22 20:52:44 [SUCCESS] nonebot | Succeeded to import "fudu"
06-22 20:52:44 [SUCCESS] nonebot | Succeeded to import "auth_hook"
06-22 20:52:44 [SUCCESS] nonebot | Succeeded to import "ban_hook"
06-22 20:52:44 [SUCCESS] nonebot | Succeeded to import "chkdsk_hook"
06-22 20:52:44 [SUCCESS] nonebot | Succeeded to import "withdraw_message_hook"
06-22 20:52:44 [SUCCESS] nonebot | Succeeded to import "other_hook"
06-22 20:52:44 [SUCCESS] nonebot | Succeeded to import "task_hook"
06-22 20:52:44 [SUCCESS] nonebot | Running NoneBot...
06-22 20:52:44 [INFO] uvicorn | Started server process [14272]
06-22 20:52:44 [INFO] uvicorn | Waiting for application startup.
06-22 20:52:46 [INFO] services | Database loaded successfully!
06-22 20:52:46 [INFO] nonebot_plugin_apscheduler | Scheduler Started
06-22 20:52:47 [ERROR] uvicorn | Traceback (most recent call last):
  File "C:\Users\15185\.virtualenvs\zhenxun\lib\site-packages\starlette\routing.py", line 635, in lifespan
    async with self.lifespan_context(app):
  File "C:\Users\15185\.virtualenvs\zhenxun\lib\site-packages\starlette\routing.py", line 530, in __aenter__
    await self._router.startup()
  File "C:\Users\15185\.virtualenvs\zhenxun\lib\site-packages\starlette\routing.py", line 612, in startup
    await handler()
  File "D:\workspace\robot\zhenxun\zhenxun\basic_plugins\scripts.py", line 121, in _
    await db.first(query)
  File "C:\Users\15185\.virtualenvs\zhenxun\lib\site-packages\gino\api.py", line 479, in first
    return await self.bind.first(clause, *multiparams, **params)
  File "C:\Users\15185\.virtualenvs\zhenxun\lib\site-packages\gino\engine.py", line 748, in first
    return await conn.first(clause, *multiparams, **params)
  File "C:\Users\15185\.virtualenvs\zhenxun\lib\site-packages\gino\engine.py", line 328, in first
    return await result.execute(one=True)
  File "C:\Users\15185\.virtualenvs\zhenxun\lib\site-packages\gino\dialects\base.py", line 214, in execute
    rows = await cursor.async_execute(
  File "C:\Users\15185\.virtualenvs\zhenxun\lib\site-packages\gino\dialects\asyncpg.py", line 184, in async_execute
    result, stmt = await getattr(conn, "_do_execute")(query, executor, timeout)
  File "C:\Users\15185\.virtualenvs\zhenxun\lib\site-packages\asyncpg\connection.py", line 1731, in _do_execute
    result = await executor(stmt, None)
  File "asyncpg\protocol\protocol.pyx", line 201, in bind_execute
asyncpg.exceptions.UndefinedTableError: relation "genshin" does not exist

06-22 20:52:47 [ERROR] uvicorn | Application startup failed. Exiting.
06-22 20:53:32 [SUCCESS] nonebot | NoneBot is initializing...
06-22 20:53:32 [INFO] nonebot | Current Env: dev
06-22 20:53:32 [SUCCESS] nonebot | Succeeded to import "nonebot_plugin_apscheduler"
06-22 20:53:33 [SUCCESS] nonebot | Succeeded to import "broadcast"
06-22 20:53:33 [SUCCESS] nonebot | Succeeded to import "init_plugin_config"
06-22 20:53:33 [SUCCESS] nonebot | Succeeded to import "hooks"
06-22 20:53:33 [SUCCESS] nonebot | Succeeded to import "manager_group"
06-22 20:53:34 [SUCCESS] nonebot | Succeeded to import "clear_data"
06-22 20:53:34 [SUCCESS] nonebot | Succeeded to import "set_admin_permissions"
06-22 20:53:34 [SUCCESS] nonebot | Succeeded to import "super_task_switch"
06-22 20:53:34 [SUCCESS] nonebot | Succeeded to import "bot_friend_group"
06-22 20:53:34 [SUCCESS] nonebot | Succeeded to import "reload_setting"
06-22 20:53:34 [SUCCESS] nonebot | Succeeded to import "exec_sql"
06-22 20:53:34 [SUCCESS] nonebot | Succeeded to import "update_friend_group_info"
06-22 20:53:34 [SUCCESS] nonebot | Succeeded to import "super_cmd"
06-22 20:53:34 [SUCCESS] nonebot | Succeeded to import "update_info"
06-22 20:53:34 [SUCCESS] nonebot | Succeeded to import "buy"
06-22 20:53:34 [SUCCESS] nonebot | Succeeded to import "use"
06-22 20:53:34 [SUCCESS] nonebot | Succeeded to import "shop_handle"
06-22 20:53:34 [SUCCESS] nonebot | Succeeded to import "reset_today_gold"
06-22 20:53:34 [SUCCESS] nonebot | Succeeded to import "my_props"
06-22 20:53:34 [SUCCESS] nonebot | Succeeded to import "gold"
06-22 20:53:34 [SUCCESS] nonebot | Succeeded to import "shop"
06-22 20:53:34 [SUCCESS] nonebot | Succeeded to import "scripts"
06-22 20:53:34 [SUCCESS] nonebot | Succeeded to import "super_help"
06-22 20:53:34 [SUCCESS] nonebot | Succeeded to import "apscheduler"
06-22 20:53:34 [SUCCESS] nonebot | Succeeded to import "help"
06-22 20:53:34 [SUCCESS] nonebot | Succeeded to import "admin_help"
06-22 20:53:34 [SUCCESS] nonebot | Succeeded to import "plugin_shop"
06-22 20:53:34 [SUCCESS] nonebot | Succeeded to import "update_group_member_info"
06-22 20:53:34 [SUCCESS] nonebot | Succeeded to import "rule"
06-22 20:53:34 [SUCCESS] nonebot | Succeeded to import "switch_rule"
06-22 20:53:34 [SUCCESS] nonebot | Succeeded to import "custom_welcome_message"
06-22 20:53:34 [SUCCESS] nonebot | Succeeded to import "admin_config"
06-22 20:53:34 [SUCCESS] nonebot | Succeeded to import "timing_task"
06-22 20:53:34 [SUCCESS] nonebot | Succeeded to import "admin_bot_manage"
06-22 20:53:34 [SUCCESS] nonebot | Succeeded to import "invite_manager"
06-22 20:53:34 [SUCCESS] nonebot | Succeeded to import "group_handle"
06-22 20:53:34 [SUCCESS] nonebot | Succeeded to import "chat_message_handle"
06-22 20:53:34 [SUCCESS] nonebot | Succeeded to import "chat_message"
06-22 20:53:34 [SUCCESS] nonebot | Succeeded to import "chat_history"
06-22 20:53:34 [SUCCESS] nonebot | Succeeded to import "nickname"
06-22 20:53:34 [SUCCESS] nonebot | Succeeded to import "ban"
06-22 20:53:35 [SUCCESS] nonebot | Succeeded to import "black_word"
06-22 20:53:35 [SUCCESS] nonebot | Succeeded to import "hikari_bot"
06-22 20:53:35 [SUCCESS] nonebot | Succeeded to import "wbtop"
06-22 20:53:35 [SUCCESS] nonebot | Succeeded to import "my_info"
06-22 20:53:35 [SUCCESS] nonebot | Succeeded to import "fudu"
06-22 20:53:35 [SUCCESS] nonebot | Succeeded to import "word_clouds"
06-22 20:53:35 [SUCCESS] nonebot | Succeeded to import "sign_in"
06-22 20:53:35 [SUCCESS] nonebot | Succeeded to import "withdraw"
06-22 20:53:35 [SUCCESS] nonebot | Succeeded to import "check"
06-22 20:53:35 [SUCCESS] nonebot | Succeeded to import "group_welcome_msg"
06-22 20:53:35 [SUCCESS] nonebot | Succeeded to import "aconfig"
06-22 20:53:35 [SUCCESS] nonebot | Succeeded to import "poke"
06-22 20:53:35 [SUCCESS] nonebot | Succeeded to import "auth_hook"
06-22 20:53:35 [SUCCESS] nonebot | Succeeded to import "ban_hook"
06-22 20:53:35 [SUCCESS] nonebot | Succeeded to import "other_hook"
06-22 20:53:35 [SUCCESS] nonebot | Succeeded to import "chkdsk_hook"
06-22 20:53:35 [SUCCESS] nonebot | Succeeded to import "withdraw_message_hook"
06-22 20:53:35 [SUCCESS] nonebot | Succeeded to import "task_hook"
06-22 20:53:35 [SUCCESS] nonebot | Running NoneBot...
06-22 20:53:35 [INFO] uvicorn | Started server process [20352]
06-22 20:53:35 [INFO] uvicorn | Waiting for application startup.
06-22 20:53:37 [INFO] services | Database loaded successfully!
06-22 20:53:37 [INFO] nonebot_plugin_apscheduler | Scheduler Started
06-22 20:53:37 [WARNING] basic_plugins | 获取插件 hikari_bot __zx_plugin_name__ 失败...，插件控制未加载.
06-22 20:53:37 [INFO] basic_plugins | 已成功加载 14 个非限制插件.
06-22 20:53:37 [INFO] utils | 已成功加载 2 个Cd限制.
06-22 20:53:37 [INFO] utils | 已成功加载 1 个Block限制.
06-22 20:53:37 [INFO] utils | 已成功加载 1 个Count限制.
06-22 20:53:38 [INFO] basic_plugins | 初始化数据完成...
06-22 20:53:40 [INFO] nonebot_plugin_htmlrender | 正在安装 chromium
06-22 20:54:00 [INFO] nonebot_plugin_htmlrender | Browser Started.
06-22 20:54:00 [ERROR] plugins | Traceback (most recent call last):
  File "C:\Users\15185\.virtualenvs\zhenxun\lib\site-packages\anyio\streams\tls.py", line 130, in _call_sslobject_method
    result = func(*args)
  File "C:\Program Files\Python\Python39\lib\ssl.py", line 944, in do_handshake
    self._sslobj.do_handshake()
ssl.SSLSyscallError: Some I/O error occurred (_ssl.c:1129)

The above exception was the direct cause of the following exception:

Traceback (most recent call last):
  File "C:\Users\15185\.virtualenvs\zhenxun\lib\site-packages\httpcore\_exceptions.py", line 8, in map_exceptions
    yield
  File "C:\Users\15185\.virtualenvs\zhenxun\lib\site-packages\httpcore\backends\asyncio.py", line 76, in start_tls
    raise exc
  File "C:\Users\15185\.virtualenvs\zhenxun\lib\site-packages\httpcore\backends\asyncio.py", line 67, in start_tls
    ssl_stream = await anyio.streams.tls.TLSStream.wrap(
  File "C:\Users\15185\.virtualenvs\zhenxun\lib\site-packages\anyio\streams\tls.py", line 122, in wrap
    await wrapper._call_sslobject_method(ssl_object.do_handshake)
  File "C:\Users\15185\.virtualenvs\zhenxun\lib\site-packages\anyio\streams\tls.py", line 151, in _call_sslobject_method
    raise BrokenResourceError from exc
anyio.BrokenResourceError

During handling of the above exception, another exception occurred:

Traceback (most recent call last):
  File "C:\Users\15185\.virtualenvs\zhenxun\lib\site-packages\httpx\_transports\default.py", line 60, in map_httpcore_exceptions
    yield
  File "C:\Users\15185\.virtualenvs\zhenxun\lib\site-packages\httpx\_transports\default.py", line 353, in handle_async_request
    resp = await self._pool.handle_async_request(req)
  File "C:\Users\15185\.virtualenvs\zhenxun\lib\site-packages\httpcore\_async\connection_pool.py", line 253, in handle_async_request
    raise exc
  File "C:\Users\15185\.virtualenvs\zhenxun\lib\site-packages\httpcore\_async\connection_pool.py", line 237, in handle_async_request
    response = await connection.handle_async_request(request)
  File "C:\Users\15185\.virtualenvs\zhenxun\lib\site-packages\httpcore\_async\http_proxy.py", line 258, in handle_async_request
    connect_response = await self._connection.handle_async_request(
  File "C:\Users\15185\.virtualenvs\zhenxun\lib\site-packages\httpcore\_async\connection.py", line 86, in handle_async_request
    raise exc
  File "C:\Users\15185\.virtualenvs\zhenxun\lib\site-packages\httpcore\_async\connection.py", line 63, in handle_async_request
    stream = await self._connect(request)
  File "C:\Users\15185\.virtualenvs\zhenxun\lib\site-packages\httpcore\_async\connection.py", line 150, in _connect
    stream = await stream.start_tls(**kwargs)
  File "C:\Users\15185\.virtualenvs\zhenxun\lib\site-packages\httpcore\backends\asyncio.py", line 76, in start_tls
    raise exc
  File "C:\Program Files\Python\Python39\lib\contextlib.py", line 137, in __exit__
    self.gen.throw(typ, value, traceback)
  File "C:\Users\15185\.virtualenvs\zhenxun\lib\site-packages\httpcore\_exceptions.py", line 12, in map_exceptions
    raise to_exc(exc)
httpcore.ConnectError

The above exception was the direct cause of the following exception:

Traceback (most recent call last):
  File "D:\workspace\robot\zhenxun\zhenxun\plugins\hikari_bot\__init__.py", line 216, in startup
    resp = await client.get(url, timeout=20)
  File "C:\Users\15185\.virtualenvs\zhenxun\lib\site-packages\httpx\_client.py", line 1751, in get
    return await self.request(
  File "C:\Users\15185\.virtualenvs\zhenxun\lib\site-packages\httpx\_client.py", line 1527, in request
    return await self.send(request, auth=auth, follow_redirects=follow_redirects)
  File "C:\Users\15185\.virtualenvs\zhenxun\lib\site-packages\httpx\_client.py", line 1614, in send
    response = await self._send_handling_auth(
  File "C:\Users\15185\.virtualenvs\zhenxun\lib\site-packages\httpx\_client.py", line 1642, in _send_handling_auth
    response = await self._send_handling_redirects(
  File "C:\Users\15185\.virtualenvs\zhenxun\lib\site-packages\httpx\_client.py", line 1679, in _send_handling_redirects
    response = await self._send_single_request(request)
  File "C:\Users\15185\.virtualenvs\zhenxun\lib\site-packages\httpx\_client.py", line 1716, in _send_single_request
    response = await transport.handle_async_request(request)
  File "C:\Users\15185\.virtualenvs\zhenxun\lib\site-packages\httpx\_transports\default.py", line 353, in handle_async_request
    resp = await self._pool.handle_async_request(req)
  File "C:\Program Files\Python\Python39\lib\contextlib.py", line 137, in __exit__
    self.gen.throw(typ, value, traceback)
  File "C:\Users\15185\.virtualenvs\zhenxun\lib\site-packages\httpx\_transports\default.py", line 77, in map_httpcore_exceptions
    raise mapped_exc(message) from exc
httpx.ConnectError

06-22 20:54:01 [INFO] uvicorn | Application startup complete.
06-22 20:54:01 [INFO] uvicorn | Uvicorn running on http://127.0.0.1:8080 (Press CTRL+C to quit)
06-22 20:54:29 [INFO] uvicorn | Shutting down
06-22 20:54:29 [INFO] uvicorn | Waiting for application shutdown.
06-22 20:54:29 [INFO] nonebot_plugin_htmlrender | Browser Stopped.
06-22 20:54:29 [INFO] uvicorn | Application shutdown complete.
06-22 20:54:29 [INFO] uvicorn | Finished server process [20352]
